Component: ARM Compiler 5.06 update 6 (build 750) Tool: armlink [4d35ed]

==============================================================================

Section Cross References

    lcdhd44780nonblocking.o(i.LCDInitialize) refers to lcdhd44780nonblocking.o(i.enableClockToRegister) for enableClockToRegister
    lcdhd44780nonblocking.o(i.LCDInitialize) refers to lcdhd44780nonblocking.o(i.setPinAsOutput) for setPinAsOutput
    lcdhd44780nonblocking.o(i.LCDInitialize) refers to lcdhd44780nonblocking.o(i.LCDSendHalfByte) for LCDSendHalfByte
    lcdhd44780nonblocking.o(i.LCDInitialize) refers to lcdhd44780nonblocking.o(i.LCDSendCommand) for LCDSendCommand
    lcdhd44780nonblocking.o(i.LCDInitialize) refers to lcdhd44780nonblocking.o(i.LCDSendData) for LCDSendData
    lcdhd44780nonblocking.o(i.LCDInitialize) refers to lcdhd44780nonblocking.o(.bss) for LCD_FIFO
    lcdhd44780nonblocking.o(i.LCDInitialize) refers to lcdhd44780nonblocking.o(.data) for LCD_FIFO_Head
    lcdhd44780nonblocking.o(i.LCDLocateXY) refers to lcdhd44780nonblocking.o(.data) for LCD_FIFO_Head
    lcdhd44780nonblocking.o(i.LCDLocateXY) refers to lcdhd44780nonblocking.o(.bss) for LCD_FIFO
    lcdhd44780nonblocking.o(i.LCDSend8bitInteger) refers to lcdhd44780nonblocking.o(i.LCDSendData) for LCDSendData
    lcdhd44780nonblocking.o(i.LCDSendCommand) refers to lcdhd44780nonblocking.o(.data) for LCD_FIFO_Head
    lcdhd44780nonblocking.o(i.LCDSendCommand) refers to lcdhd44780nonblocking.o(.bss) for LCD_FIFO
    lcdhd44780nonblocking.o(i.LCDSendData) refers to lcdhd44780nonblocking.o(.data) for LCD_FIFO_Head
    lcdhd44780nonblocking.o(i.LCDSendData) refers to lcdhd44780nonblocking.o(.bss) for LCD_FIFO
    lcdhd44780nonblocking.o(i.LCDSendText) refers to lcdhd44780nonblocking.o(.data) for LCD_FIFO_Head
    lcdhd44780nonblocking.o(i.LCDSendText) refers to lcdhd44780nonblocking.o(.bss) for LCD_FIFO
    lcdhd44780nonblocking.o(i.TIM2_IRQHandler) refers to lcdhd44780nonblocking.o(.data) for LCD_FIFO_Tail
    lcdhd44780nonblocking.o(i.TIM2_IRQHandler) refers to lcdhd44780nonblocking.o(.bss) for LCD_FIFO
    pressuresensorabpmann005pg2a3.o(i.PressureSensorInitialize) refers to pressuresensorabpmann005pg2a3.o(i.enableClockToRegister) for enableClockToRegister
    bloodpressuremeterfunctions.o(i.PumpValveButtonConfiguration) refers to bloodpressuremeterfunctions.o(i.enableClockToRegister) for enableClockToRegister
    bloodpressuremeterfunctions.o(i.PumpValveButtonConfiguration) refers to bloodpressuremeterfunctions.o(i.setPinAsOutput) for setPinAsOutput
    bloodpressuremeterfunctions.o(i.RCCClockConfiguration) refers to system_stm32f4xx.o(i.SystemCoreClockUpdate) for SystemCoreClockUpdate
    main.o(i.I2C1_EV_IRQHandler) refers to lcdhd44780nonblocking.o(i.LCDLocateXY) for LCDLocateXY
    main.o(i.I2C1_EV_IRQHandler) refers to lcdhd44780nonblocking.o(i.LCDSendText) for LCDSendText
    main.o(i.I2C1_EV_IRQHandler) refers to main.o(.data) for reg
    main.o(i.I2C1_EV_IRQHandler) refers to bloodpressuremeterfunctions.o(.data) for pressureArrayHead
    main.o(i.I2C1_EV_IRQHandler) refers to bloodpressuremeterfunctions.o(.bss) for pressureArray
    main.o(i.TIM3_IRQHandler) refers to lcdhd44780nonblocking.o(i.LCDLocateXY) for LCDLocateXY
    main.o(i.TIM3_IRQHandler) refers to lcdhd44780nonblocking.o(i.LCDSendText) for LCDSendText
    main.o(i.TIM4_IRQHandler) refers to main.o(.data) for counter
    main.o(i.TIM5_IRQHandler) refers to lcdhd44780nonblocking.o(i.LCDLocateXY) for LCDLocateXY
    main.o(i.TIM5_IRQHandler) refers to lcdhd44780nonblocking.o(i.LCDSendText) for LCDSendText
    main.o(i.TIM5_IRQHandler) refers to main.o(i.__NVIC_EnableIRQ) for __NVIC_EnableIRQ
    main.o(i.TIM5_IRQHandler) refers to main.o(.data) for _1secDelay
    main.o(i.TIM5_IRQHandler) refers to bloodpressuremeterfunctions.o(.bss) for pressureArray
    main.o(i.TIM5_IRQHandler) refers to bloodpressuremeterfunctions.o(.data) for pressureArrayTail
    main.o(i.TimersInitialization) refers to main.o(i.__NVIC_SetPriority) for __NVIC_SetPriority
    main.o(i.TimersInitialization) refers to main.o(i.__NVIC_EnableIRQ) for __NVIC_EnableIRQ
    main.o(i.main) refers to bloodpressuremeterfunctions.o(i.RCCClockConfiguration) for RCCClockConfiguration
    main.o(i.main) refers to bloodpressuremeterfunctions.o(i.PumpValveButtonConfiguration) for PumpValveButtonConfiguration
    main.o(i.main) refers to lcdhd44780nonblocking.o(i.LCDInitialize) for LCDInitialize
    main.o(i.main) refers to main.o(i.TimersInitialization) for TimersInitialization
    main.o(i.main) refers to lcdhd44780nonblocking.o(i.LCDLocateXY) for LCDLocateXY
    main.o(i.main) refers to lcdhd44780nonblocking.o(i.LCDSendText) for LCDSendText
    main.o(i.main) refers to pressuresensorabpmann005pg2a3.o(i.PressureSensorInitialize) for PressureSensorInitialize
    main.o(i.main) refers to firfilterptbypt.o(i.CreateFIRfilterObject) for CreateFIRfilterObject
    main.o(i.main) refers to iirfilterptbypt.o(i.IIR_4thOrderSignalFilteringPtByPtInitialize) for IIR_4thOrderSignalFilteringPtByPtInitialize
    main.o(i.main) refers to rt_memcpy_w.o(.text) for __aeabi_memcpy4
    main.o(i.main) refers to iirfilterptbypt.o(i.IIR_4thOrderSignalFilteringPtByPt) for IIR_4thOrderSignalFilteringPtByPt
    main.o(i.main) refers to firfilterptbypt.o(i.FIRfilterPtByPt) for FIRfilterPtByPt
    main.o(i.main) refers to lcdhd44780nonblocking.o(i.LCDSendData) for LCDSendData
    main.o(i.main) refers to lcdhd44780nonblocking.o(i.LCDSend8bitInteger) for LCDSend8bitInteger
    main.o(i.main) refers to main.o(.data) for FIRbandpass_3_10_Hz_Coeff
    main.o(i.main) refers to main.o(.bss) for signalBufferForBandpassFIRfilter
    main.o(i.main) refers to bloodpressuremeterfunctions.o(.data) for IIRreverseCoeffLowpass_20Hz
    main.o(i.main) refers to bloodpressuremeterfunctions.o(.bss) for pressureArray
    main.o(.data) refers to main.o(.bss) for _pulseWave
    iirfilterptbypt.o(i.IIR_2ndOrderSignalFilteringPtByPt) refers to iirfilterptbypt.o(.data) for as
    iirfilterptbypt.o(i.IIR_2ndOrderSignalFilteringPtByPtInitialize) refers to rt_memcpy_w.o(.text) for __aeabi_memcpy4
    iirfilterptbypt.o(i.IIR_3rdOrderSignalFilteringPtByPt) refers to iirfilterptbypt.o(.data) for as
    iirfilterptbypt.o(i.IIR_3rdOrderSignalFilteringPtByPtInitialize) refers to rt_memcpy_w.o(.text) for __aeabi_memcpy4
    iirfilterptbypt.o(i.IIR_4thOrderSignalFilteringPtByPt) refers to iirfilterptbypt.o(.data) for as
    iirfilterptbypt.o(i.IIR_4thOrderSignalFilteringPtByPtInitialize) refers to rt_memcpy_w.o(.text) for __aeabi_memcpy4
    startup_stm32f446xx.o(STACK) refers (Special) to heapauxi.o(.text) for __use_two_region_memory
    startup_stm32f446xx.o(HEAP) refers (Special) to heapauxi.o(.text) for __use_two_region_memory
    startup_stm32f446xx.o(RESET) refers (Special) to heapauxi.o(.text) for __use_two_region_memory
    startup_stm32f446xx.o(RESET) refers to startup_stm32f446xx.o(STACK) for __initial_sp
    startup_stm32f446xx.o(RESET) refers to startup_stm32f446xx.o(.text) for Reset_Handler
    startup_stm32f446xx.o(RESET) refers to lcdhd44780nonblocking.o(i.TIM2_IRQHandler) for TIM2_IRQHandler
    startup_stm32f446xx.o(RESET) refers to main.o(i.TIM3_IRQHandler) for TIM3_IRQHandler
    startup_stm32f446xx.o(RESET) refers to main.o(i.TIM4_IRQHandler) for TIM4_IRQHandler
    startup_stm32f446xx.o(RESET) refers to main.o(i.I2C1_EV_IRQHandler) for I2C1_EV_IRQHandler
    startup_stm32f446xx.o(RESET) refers to main.o(i.TIM5_IRQHandler) for TIM5_IRQHandler
    startup_stm32f446xx.o(.text) refers (Special) to heapauxi.o(.text) for __use_two_region_memory
    startup_stm32f446xx.o(.text) refers to system_stm32f4xx.o(i.SystemInit) for SystemInit
    startup_stm32f446xx.o(.text) refers to __main.o(!!!main) for __main
    startup_stm32f446xx.o(.text) refers to startup_stm32f446xx.o(HEAP) for Heap_Mem
    startup_stm32f446xx.o(.text) refers to startup_stm32f446xx.o(STACK) for Stack_Mem
    system_stm32f4xx.o(i.SystemCoreClockUpdate) refers to system_stm32f4xx.o(.data) for SystemCoreClock
    system_stm32f4xx.o(i.SystemCoreClockUpdate) refers to system_stm32f4xx.o(.constdata) for AHBPrescTable
    __main.o(!!!main) refers to __rtentry.o(.ARM.Collect$$rtentry$$00000000) for __rt_entry
    __rtentry.o(.ARM.Collect$$rtentry$$00000000) refers (Special) to __rtentry2.o(.ARM.Collect$$rtentry$$0000000A) for __rt_entry_li
    __rtentry.o(.ARM.Collect$$rtentry$$00000000) refers (Special) to __rtentry2.o(.ARM.Collect$$rtentry$$0000000D) for __rt_entry_main
    __rtentry.o(.ARM.Collect$$rtentry$$00000000) refers (Special) to __rtentry2.o(.ARM.Collect$$rtentry$$0000000C) for __rt_entry_postli_1
    __rtentry.o(.ARM.Collect$$rtentry$$00000000) refers (Special) to __rtentry2.o(.ARM.Collect$$rtentry$$00000009) for __rt_entry_postsh_1
    __rtentry.o(.ARM.Collect$$rtentry$$00000000) refers (Special) to __rtentry2.o(.ARM.Collect$$rtentry$$00000002) for __rt_entry_presh_1
    __rtentry.o(.ARM.Collect$$rtentry$$00000000) refers (Special) to __rtentry4.o(.ARM.Collect$$rtentry$$00000004) for __rt_entry_sh
    __rtentry2.o(.ARM.Collect$$rtentry$$00000008) refers to boardinit2.o(.text) for _platform_post_stackheap_init
    __rtentry2.o(.ARM.Collect$$rtentry$$0000000A) refers to libinit.o(.ARM.Collect$$libinit$$00000000) for __rt_lib_init
    __rtentry2.o(.ARM.Collect$$rtentry$$0000000B) refers to boardinit3.o(.text) for _platform_post_lib_init
    __rtentry2.o(.ARM.Collect$$rtentry$$0000000D) refers to main.o(i.main) for main
    __rtentry2.o(.ARM.Collect$$rtentry$$0000000D) refers to exit.o(.text) for exit
    __rtentry2.o(.ARM.exidx) refers to __rtentry2.o(.ARM.Collect$$rtentry$$00000001) for .ARM.Collect$$rtentry$$00000001
    __rtentry2.o(.ARM.exidx) refers to __rtentry2.o(.ARM.Collect$$rtentry$$00000008) for .ARM.Collect$$rtentry$$00000008
    __rtentry2.o(.ARM.exidx) refers to __rtentry2.o(.ARM.Collect$$rtentry$$0000000A) for .ARM.Collect$$rtentry$$0000000A
    __rtentry2.o(.ARM.exidx) refers to __rtentry2.o(.ARM.Collect$$rtentry$$0000000B) for .ARM.Collect$$rtentry$$0000000B
    __rtentry2.o(.ARM.exidx) refers to __rtentry2.o(.ARM.Collect$$rtentry$$0000000D) for .ARM.Collect$$rtentry$$0000000D
    __rtentry4.o(.ARM.Collect$$rtentry$$00000004) refers to sys_stackheap_outer.o(.text) for __user_setup_stackheap
    __rtentry4.o(.ARM.exidx) refers to __rtentry4.o(.ARM.Collect$$rtentry$$00000004) for .ARM.Collect$$rtentry$$00000004
    sys_stackheap_outer.o(.text) refers to libspace.o(.text) for __user_perproc_libspace
    sys_stackheap_outer.o(.text) refers to startup_stm32f446xx.o(.text) for __user_initial_stackheap
    exit.o(.text) refers to rtexit.o(.ARM.Collect$$rtexit$$00000000) for __rt_exit
    libinit.o(.ARM.Collect$$libinit$$00000000) refers (Special) to libinit2.o(.ARM.Collect$$libinit$$0000002E) for __rt_lib_init_alloca_1
    libinit.o(.ARM.Collect$$libinit$$00000000) refers (Special) to libinit2.o(.ARM.Collect$$libinit$$0000002C) for __rt_lib_init_argv_1
    libinit.o(.ARM.Collect$$libinit$$00000000) refers (Special) to libinit2.o(.ARM.Collect$$libinit$$0000001B) for __rt_lib_init_atexit_1
    libinit.o(.ARM.Collect$$libinit$$00000000) refers (Special) to libinit2.o(.ARM.Collect$$libinit$$00000021) for __rt_lib_init_clock_1
    libinit.o(.ARM.Collect$$libinit$$00000000) refers (Special) to libinit2.o(.ARM.Collect$$libinit$$00000032) for __rt_lib_init_cpp_1
    libinit.o(.ARM.Collect$$libinit$$00000000) refers (Special) to libinit2.o(.ARM.Collect$$libinit$$00000030) for __rt_lib_init_exceptions_1
    libinit.o(.ARM.Collect$$libinit$$00000000) refers (Special) to libinit2.o(.ARM.Collect$$libinit$$00000001) for __rt_lib_init_fp_1
    libinit.o(.ARM.Collect$$libinit$$00000000) refers (Special) to libinit2.o(.ARM.Collect$$libinit$$0000001F) for __rt_lib_init_fp_trap_1
    libinit.o(.ARM.Collect$$libinit$$00000000) refers (Special) to libinit2.o(.ARM.Collect$$libinit$$00000023) for __rt_lib_init_getenv_1
    libinit.o(.ARM.Collect$$libinit$$00000000) refers (Special) to libinit2.o(.ARM.Collect$$libinit$$0000000A) for __rt_lib_init_heap_1
    libinit.o(.ARM.Collect$$libinit$$00000000) refers (Special) to libinit2.o(.ARM.Collect$$libinit$$00000011) for __rt_lib_init_lc_collate_1
    libinit.o(.ARM.Collect$$libinit$$00000000) refers (Special) to libinit2.o(.ARM.Collect$$libinit$$00000013) for __rt_lib_init_lc_ctype_1
    libinit.o(.ARM.Collect$$libinit$$00000000) refers (Special) to libinit2.o(.ARM.Collect$$libinit$$00000015) for __rt_lib_init_lc_monetary_1
    libinit.o(.ARM.Collect$$libinit$$00000000) refers (Special) to libinit2.o(.ARM.Collect$$libinit$$00000017) for __rt_lib_init_lc_numeric_1
    libinit.o(.ARM.Collect$$libinit$$00000000) refers (Special) to libinit2.o(.ARM.Collect$$libinit$$00000019) for __rt_lib_init_lc_time_1
    libinit.o(.ARM.Collect$$libinit$$00000000) refers (Special) to libinit2.o(.ARM.Collect$$libinit$$00000004) for __rt_lib_init_preinit_1
    libinit.o(.ARM.Collect$$libinit$$00000000) refers (Special) to libinit2.o(.ARM.Collect$$libinit$$0000000E) for __rt_lib_init_rand_1
    libinit.o(.ARM.Collect$$libinit$$00000000) refers (Special) to libinit2.o(.ARM.Collect$$libinit$$00000033) for __rt_lib_init_return
    libinit.o(.ARM.Collect$$libinit$$00000000) refers (Special) to libinit2.o(.ARM.Collect$$libinit$$0000001D) for __rt_lib_init_signal_1
    libinit.o(.ARM.Collect$$libinit$$00000000) refers (Special) to libinit2.o(.ARM.Collect$$libinit$$00000025) for __rt_lib_init_stdio_1
    libinit.o(.ARM.Collect$$libinit$$00000000) refers (Special) to libinit2.o(.ARM.Collect$$libinit$$0000000C) for __rt_lib_init_user_alloc_1
    libspace.o(.text) refers to libspace.o(.bss) for __libspace_start
    rtexit.o(.ARM.Collect$$rtexit$$00000000) refers (Special) to rtexit2.o(.ARM.Collect$$rtexit$$00000004) for __rt_exit_exit
    rtexit.o(.ARM.Collect$$rtexit$$00000000) refers (Special) to rtexit2.o(.ARM.Collect$$rtexit$$00000003) for __rt_exit_ls
    rtexit.o(.ARM.Collect$$rtexit$$00000000) refers (Special) to rtexit2.o(.ARM.Collect$$rtexit$$00000002) for __rt_exit_prels_1
    rtexit.o(.ARM.exidx) refers (Special) to rtexit2.o(.ARM.Collect$$rtexit$$00000004) for __rt_exit_exit
    rtexit.o(.ARM.exidx) refers (Special) to rtexit2.o(.ARM.Collect$$rtexit$$00000003) for __rt_exit_ls
    rtexit.o(.ARM.exidx) refers (Special) to rtexit2.o(.ARM.Collect$$rtexit$$00000002) for __rt_exit_prels_1
    rtexit.o(.ARM.exidx) refers to rtexit.o(.ARM.Collect$$rtexit$$00000000) for .ARM.Collect$$rtexit$$00000000
    libinit2.o(.ARM.Collect$$libinit$$00000001) refers to fpinit.o(x$fpl$fpinit) for _fp_init
    libinit2.o(.ARM.Collect$$libinit$$00000010) refers to libinit2.o(.ARM.Collect$$libinit$$0000000F) for .ARM.Collect$$libinit$$0000000F
    libinit2.o(.ARM.Collect$$libinit$$00000012) refers to libinit2.o(.ARM.Collect$$libinit$$0000000F) for .ARM.Collect$$libinit$$0000000F
    libinit2.o(.ARM.Collect$$libinit$$00000014) refers to libinit2.o(.ARM.Collect$$libinit$$0000000F) for .ARM.Collect$$libinit$$0000000F
    libinit2.o(.ARM.Collect$$libinit$$00000016) refers to libinit2.o(.ARM.Collect$$libinit$$0000000F) for .ARM.Collect$$libinit$$0000000F
    libinit2.o(.ARM.Collect$$libinit$$00000018) refers to libinit2.o(.ARM.Collect$$libinit$$0000000F) for .ARM.Collect$$libinit$$0000000F
    libinit2.o(.ARM.Collect$$libinit$$00000026) refers to argv_veneer.o(.emb_text) for __ARM_argv_veneer
    libinit2.o(.ARM.Collect$$libinit$$00000027) refers to argv_veneer.o(.emb_text) for __ARM_argv_veneer
    rtexit2.o(.ARM.Collect$$rtexit$$00000003) refers to libshutdown.o(.ARM.Collect$$libshutdown$$00000000) for __rt_lib_shutdown
    rtexit2.o(.ARM.Collect$$rtexit$$00000004) refers to sys_exit.o(.text) for _sys_exit
    rtexit2.o(.ARM.exidx) refers to rtexit2.o(.ARM.Collect$$rtexit$$00000001) for .ARM.Collect$$rtexit$$00000001
    rtexit2.o(.ARM.exidx) refers to rtexit2.o(.ARM.Collect$$rtexit$$00000003) for .ARM.Collect$$rtexit$$00000003
    rtexit2.o(.ARM.exidx) refers to rtexit2.o(.ARM.Collect$$rtexit$$00000004) for .ARM.Collect$$rtexit$$00000004
    argv_veneer.o(.emb_text) refers to no_argv.o(.text) for __ARM_get_argv
    sys_exit.o(.text) refers (Special) to use_no_semi.o(.text) for __I$use$semihosting
    sys_exit.o(.text) refers (Special) to indicate_semi.o(.text) for __semihosting_library_function
    _get_argv_nomalloc.o(.text) refers (Special) to hrguard.o(.text) for __heap_region$guard
    _get_argv_nomalloc.o(.text) refers to defsig_rtmem_outer.o(.text) for __rt_SIGRTMEM
    _get_argv_nomalloc.o(.text) refers to sys_command.o(.text) for _sys_command_string
    libshutdown.o(.ARM.Collect$$libshutdown$$00000000) refers (Special) to libshutdown2.o(.ARM.Collect$$libshutdown$$00000002) for __rt_lib_shutdown_cpp_1
    libshutdown.o(.ARM.Collect$$libshutdown$$00000000) refers (Special) to libshutdown2.o(.ARM.Collect$$libshutdown$$00000007) for __rt_lib_shutdown_fp_trap_1
    libshutdown.o(.ARM.Collect$$libshutdown$$00000000) refers (Special) to libshutdown2.o(.ARM.Collect$$libshutdown$$0000000F) for __rt_lib_shutdown_heap_1
    libshutdown.o(.ARM.Collect$$libshutdown$$00000000) refers (Special) to libshutdown2.o(.ARM.Collect$$libshutdown$$00000010) for __rt_lib_shutdown_return
    libshutdown.o(.ARM.Collect$$libshutdown$$00000000) refers (Special) to libshutdown2.o(.ARM.Collect$$libshutdown$$0000000A) for __rt_lib_shutdown_signal_1
    libshutdown.o(.ARM.Collect$$libshutdown$$00000000) refers (Special) to libshutdown2.o(.ARM.Collect$$libshutdown$$00000004) for __rt_lib_shutdown_stdio_1
    libshutdown.o(.ARM.Collect$$libshutdown$$00000000) refers (Special) to libshutdown2.o(.ARM.Collect$$libshutdown$$0000000C) for __rt_lib_shutdown_user_alloc_1
    sys_command.o(.text) refers (Special) to use_no_semi.o(.text) for __I$use$semihosting
    sys_command.o(.text) refers (Special) to indicate_semi.o(.text) for __semihosting_library_function
    defsig_rtmem_outer.o(.text) refers to defsig_rtmem_inner.o(.text) for __rt_SIGRTMEM_inner
    defsig_rtmem_outer.o(.text) refers to defsig_exit.o(.text) for __sig_exit
    defsig_rtmem_formal.o(.text) refers to rt_raise.o(.text) for __rt_raise
    rt_raise.o(.text) refers to __raise.o(.text) for __raise
    rt_raise.o(.text) refers to sys_exit.o(.text) for _sys_exit
    defsig_exit.o(.text) refers to sys_exit.o(.text) for _sys_exit
    defsig_rtmem_inner.o(.text) refers to defsig_general.o(.text) for __default_signal_display
    __raise.o(.text) refers to defsig.o(CL$$defsig) for __default_signal_handler
    defsig_general.o(.text) refers to sys_wrch.o(.text) for _ttywrch
    sys_wrch.o(.text) refers (Special) to use_no_semi.o(.text) for __I$use$semihosting
    sys_wrch.o(.text) refers (Special) to indicate_semi.o(.text) for __semihosting_library_function
    defsig.o(CL$$defsig) refers to defsig_rtmem_inner.o(.text) for __rt_SIGRTMEM_inner
    defsig_abrt_inner.o(.text) refers to defsig_general.o(.text) for __default_signal_display
    defsig_fpe_inner.o(.text) refers to defsig_general.o(.text) for __default_signal_display
    defsig_rtred_inner.o(.text) refers to defsig_general.o(.text) for __default_signal_display
    defsig_stak_inner.o(.text) refers to defsig_general.o(.text) for __default_signal_display
    defsig_pvfn_inner.o(.text) refers to defsig_general.o(.text) for __default_signal_display
    defsig_cppl_inner.o(.text) refers to defsig_general.o(.text) for __default_signal_display
    defsig_segv_inner.o(.text) refers to defsig_general.o(.text) for __default_signal_display
    defsig_other.o(.text) refers to defsig_general.o(.text) for __default_signal_display


==============================================================================

Removing Unused input sections from the image.

    Removing lcdhd44780nonblocking.o(.rev16_text), (4 bytes).
    Removing lcdhd44780nonblocking.o(.revsh_text), (4 bytes).
    Removing lcdhd44780nonblocking.o(.rrx_text), (6 bytes).
    Removing pressuresensorabpmann005pg2a3.o(.rev16_text), (4 bytes).
    Removing pressuresensorabpmann005pg2a3.o(.revsh_text), (4 bytes).
    Removing pressuresensorabpmann005pg2a3.o(.rrx_text), (6 bytes).
    Removing bloodpressuremeterfunctions.o(.rev16_text), (4 bytes).
    Removing bloodpressuremeterfunctions.o(.revsh_text), (4 bytes).
    Removing bloodpressuremeterfunctions.o(.rrx_text), (6 bytes).
    Removing main.o(.rev16_text), (4 bytes).
    Removing main.o(.revsh_text), (4 bytes).
    Removing main.o(.rrx_text), (6 bytes).
    Removing main.o(.constdata), (4 bytes).
    Removing iirfilterptbypt.o(i.IIR_2ndOrderSignalFilteringPtByPt), (160 bytes).
    Removing iirfilterptbypt.o(i.IIR_2ndOrderSignalFilteringPtByPtInitialize), (28 bytes).
    Removing iirfilterptbypt.o(i.IIR_3rdOrderSignalFilteringPtByPt), (208 bytes).
    Removing iirfilterptbypt.o(i.IIR_3rdOrderSignalFilteringPtByPtInitialize), (28 bytes).
    Removing system_stm32f4xx.o(.rev16_text), (4 bytes).
    Removing system_stm32f4xx.o(.revsh_text), (4 bytes).
    Removing system_stm32f4xx.o(.rrx_text), (6 bytes).

20 unused section(s) (total 498 bytes) removed from the image.

==============================================================================

Image Symbol Table

    Local Symbols

    Symbol Name                              Value     Ov Type        Size  Object(Section)

    ../clib/angel/boardlib.s                 0x00000000   Number         0  boardinit1.o ABSOLUTE
    ../clib/angel/boardlib.s                 0x00000000   Number         0  boardshut.o ABSOLUTE
    ../clib/angel/boardlib.s                 0x00000000   Number         0  boardinit3.o ABSOLUTE
    ../clib/angel/boardlib.s                 0x00000000   Number         0  boardinit2.o ABSOLUTE
    ../clib/angel/dclz77c.s                  0x00000000   Number         0  __dclz77c.o ABSOLUTE
    ../clib/angel/handlers.s                 0x00000000   Number         0  __scatter_zi.o ABSOLUTE
    ../clib/angel/kernel.s                   0x00000000   Number         0  __rtentry.o ABSOLUTE
    ../clib/angel/kernel.s                   0x00000000   Number         0  rtexit.o ABSOLUTE
    ../clib/angel/kernel.s                   0x00000000   Number         0  rtexit2.o ABSOLUTE
    ../clib/angel/kernel.s                   0x00000000   Number         0  __rtentry4.o ABSOLUTE
    ../clib/angel/kernel.s                   0x00000000   Number         0  __rtentry2.o ABSOLUTE
    ../clib/angel/rt.s                       0x00000000   Number         0  rt_raise.o ABSOLUTE
    ../clib/angel/scatter.s                  0x00000000   Number         0  __scatter.o ABSOLUTE
    ../clib/angel/startup.s                  0x00000000   Number         0  __main.o ABSOLUTE
    ../clib/angel/sys.s                      0x00000000   Number         0  sys_stackheap_outer.o ABSOLUTE
    ../clib/angel/sys.s                      0x00000000   Number         0  libspace.o ABSOLUTE
    ../clib/angel/sys.s                      0x00000000   Number         0  indicate_semi.o ABSOLUTE
    ../clib/angel/sys.s                      0x00000000   Number         0  use_no_semi.o ABSOLUTE
    ../clib/angel/sysapp.c                   0x00000000   Number         0  sys_wrch.o ABSOLUTE
    ../clib/angel/sysapp.c                   0x00000000   Number         0  sys_exit.o ABSOLUTE
    ../clib/angel/sysapp.c                   0x00000000   Number         0  sys_command.o ABSOLUTE
    ../clib/armsys.c                         0x00000000   Number         0  argv_veneer.o ABSOLUTE
    ../clib/armsys.c                         0x00000000   Number         0  argv_veneer.o ABSOLUTE
    ../clib/armsys.c                         0x00000000   Number         0  _get_argv_nomalloc.o ABSOLUTE
    ../clib/armsys.c                         0x00000000   Number         0  no_argv.o ABSOLUTE
    ../clib/heapalloc.c                      0x00000000   Number         0  hrguard.o ABSOLUTE
    ../clib/heapaux.c                        0x00000000   Number         0  heapauxi.o ABSOLUTE
    ../clib/libinit.s                        0x00000000   Number         0  libinit.o ABSOLUTE
    ../clib/libinit.s                        0x00000000   Number         0  libinit2.o ABSOLUTE
    ../clib/libinit.s                        0x00000000   Number         0  libshutdown2.o ABSOLUTE
    ../clib/libinit.s                        0x00000000   Number         0  libshutdown.o ABSOLUTE
    ../clib/memcpset.s                       0x00000000   Number         0  rt_memcpy_w.o ABSOLUTE
    ../clib/signal.c                         0x00000000   Number         0  defsig_pvfn_inner.o ABSOLUTE
    ../clib/signal.c                         0x00000000   Number         0  defsig_rtred_inner.o ABSOLUTE
    ../clib/signal.c                         0x00000000   Number         0  defsig_fpe_inner.o ABSOLUTE
    ../clib/signal.c                         0x00000000   Number         0  defsig_abrt_inner.o ABSOLUTE
    ../clib/signal.c                         0x00000000   Number         0  defsig_general.o ABSOLUTE
    ../clib/signal.c                         0x00000000   Number         0  __raise.o ABSOLUTE
    ../clib/signal.c                         0x00000000   Number         0  defsig_exit.o ABSOLUTE
    ../clib/signal.c                         0x00000000   Number         0  defsig_rtmem_inner.o ABSOLUTE
    ../clib/signal.c                         0x00000000   Number         0  defsig_stak_inner.o ABSOLUTE
    ../clib/signal.c                         0x00000000   Number         0  defsig_other.o ABSOLUTE
    ../clib/signal.c                         0x00000000   Number         0  defsig_segv_inner.o ABSOLUTE
    ../clib/signal.c                         0x00000000   Number         0  defsig_rtmem_formal.o ABSOLUTE
    ../clib/signal.c                         0x00000000   Number         0  defsig_rtmem_outer.o ABSOLUTE
    ../clib/signal.c                         0x00000000   Number         0  defsig_cppl_inner.o ABSOLUTE
    ../clib/signal.s                         0x00000000   Number         0  defsig.o ABSOLUTE
    ../clib/stdlib.c                         0x00000000   Number         0  exit.o ABSOLUTE
    ../fplib/fpinit.s                        0x00000000   Number         0  fpinit.o ABSOLUTE
    BloodPressureMeterFunctions.c            0x00000000   Number         0  bloodpressuremeterfunctions.o ABSOLUTE
    BloodPressureMeterFunctions.c            0x00000000   Number         0  bloodpressuremeterfunctions.o ABSOLUTE
    FIRfilterPtByPt.c                        0x00000000   Number         0  firfilterptbypt.o ABSOLUTE
    IIRfilterPtByPt.c                        0x00000000   Number         0  iirfilterptbypt.o ABSOLUTE
    LCDHD44780NonBlocking.c                  0x00000000   Number         0  lcdhd44780nonblocking.o ABSOLUTE
    LCDHD44780NonBlocking.c                  0x00000000   Number         0  lcdhd44780nonblocking.o ABSOLUTE
    PressureSensorABPMANN005PG2A3.c          0x00000000   Number         0  pressuresensorabpmann005pg2a3.o ABSOLUTE
    PressureSensorABPMANN005PG2A3.c          0x00000000   Number         0  pressuresensorabpmann005pg2a3.o ABSOLUTE
    RTE\Device\STM32F446RETx\startup_stm32f446xx.s 0x00000000   Number         0  startup_stm32f446xx.o ABSOLUTE
    RTE\Device\STM32F446RETx\system_stm32f4xx.c 0x00000000   Number         0  system_stm32f4xx.o ABSOLUTE
    RTE\\Device\\STM32F446RETx\\system_stm32f4xx.c 0x00000000   Number         0  system_stm32f4xx.o ABSOLUTE
    dc.s                                     0x00000000   Number         0  dc.o ABSOLUTE
    main.c                                   0x00000000   Number         0  main.o ABSOLUTE
    main.c                                   0x00000000   Number         0  main.o ABSOLUTE
    RESET                                    0x08000000   Section      452  startup_stm32f446xx.o(RESET)
    !!!main                                  0x080001c4   Section        8  __main.o(!!!main)
    !!!scatter                               0x080001cc   Section       52  __scatter.o(!!!scatter)
    !!dclz77c                                0x08000200   Section      100  __dclz77c.o(!!dclz77c)
    !!handler_zi                             0x08000264   Section       28  __scatter_zi.o(!!handler_zi)
    .ARM.Collect$$libinit$$00000000          0x08000280   Section        2  libinit.o(.ARM.Collect$$libinit$$00000000)
    .ARM.Collect$$libinit$$00000001          0x08000282   Section        4  libinit2.o(.ARM.Collect$$libinit$$00000001)
    .ARM.Collect$$libinit$$00000004          0x08000286   Section        0  libinit2.o(.ARM.Collect$$libinit$$00000004)
    .ARM.Collect$$libinit$$0000000A          0x08000286   Section        0  libinit2.o(.ARM.Collect$$libinit$$0000000A)
    .ARM.Collect$$libinit$$0000000C          0x08000286   Section        0  libinit2.o(.ARM.Collect$$libinit$$0000000C)
    .ARM.Collect$$libinit$$0000000E          0x08000286   Section        0  libinit2.o(.ARM.Collect$$libinit$$0000000E)
    .ARM.Collect$$libinit$$00000011          0x08000286   Section        0  libinit2.o(.ARM.Collect$$libinit$$00000011)
    .ARM.Collect$$libinit$$00000013          0x08000286   Section        0  libinit2.o(.ARM.Collect$$libinit$$00000013)
    .ARM.Collect$$libinit$$00000015          0x08000286   Section        0  libinit2.o(.ARM.Collect$$libinit$$00000015)
    .ARM.Collect$$libinit$$00000017          0x08000286   Section        0  libinit2.o(.ARM.Collect$$libinit$$00000017)
    .ARM.Collect$$libinit$$00000019          0x08000286   Section        0  libinit2.o(.ARM.Collect$$libinit$$00000019)
    .ARM.Collect$$libinit$$0000001B          0x08000286   Section        0  libinit2.o(.ARM.Collect$$libinit$$0000001B)
    .ARM.Collect$$libinit$$0000001D          0x08000286   Section        0  libinit2.o(.ARM.Collect$$libinit$$0000001D)
    .ARM.Collect$$libinit$$0000001F          0x08000286   Section        0  libinit2.o(.ARM.Collect$$libinit$$0000001F)
    .ARM.Collect$$libinit$$00000021          0x08000286   Section        0  libinit2.o(.ARM.Collect$$libinit$$00000021)
    .ARM.Collect$$libinit$$00000023          0x08000286   Section        0  libinit2.o(.ARM.Collect$$libinit$$00000023)
    .ARM.Collect$$libinit$$00000025          0x08000286   Section        0  libinit2.o(.ARM.Collect$$libinit$$00000025)
    .ARM.Collect$$libinit$$0000002C          0x08000286   Section        0  libinit2.o(.ARM.Collect$$libinit$$0000002C)
    .ARM.Collect$$libinit$$0000002E          0x08000286   Section        0  libinit2.o(.ARM.Collect$$libinit$$0000002E)
    .ARM.Collect$$libinit$$00000030          0x08000286   Section        0  libinit2.o(.ARM.Collect$$libinit$$00000030)
    .ARM.Collect$$libinit$$00000032          0x08000286   Section        0  libinit2.o(.ARM.Collect$$libinit$$00000032)
    .ARM.Collect$$libinit$$00000033          0x08000286   Section        2  libinit2.o(.ARM.Collect$$libinit$$00000033)
    .ARM.Collect$$libshutdown$$00000000      0x08000288   Section        2  libshutdown.o(.ARM.Collect$$libshutdown$$00000000)
    .ARM.Collect$$libshutdown$$00000002      0x0800028a   Section        0  libshutdown2.o(.ARM.Collect$$libshutdown$$00000002)
    .ARM.Collect$$libshutdown$$00000004      0x0800028a   Section        0  libshutdown2.o(.ARM.Collect$$libshutdown$$00000004)
    .ARM.Collect$$libshutdown$$00000007      0x0800028a   Section        0  libshutdown2.o(.ARM.Collect$$libshutdown$$00000007)
    .ARM.Collect$$libshutdown$$0000000A      0x0800028a   Section        0  libshutdown2.o(.ARM.Collect$$libshutdown$$0000000A)
    .ARM.Collect$$libshutdown$$0000000C      0x0800028a   Section        0  libshutdown2.o(.ARM.Collect$$libshutdown$$0000000C)
    .ARM.Collect$$libshutdown$$0000000F      0x0800028a   Section        0  libshutdown2.o(.ARM.Collect$$libshutdown$$0000000F)
    .ARM.Collect$$libshutdown$$00000010      0x0800028a   Section        2  libshutdown2.o(.ARM.Collect$$libshutdown$$00000010)
    .ARM.Collect$$rtentry$$00000000          0x0800028c   Section        0  __rtentry.o(.ARM.Collect$$rtentry$$00000000)
    .ARM.Collect$$rtentry$$00000002          0x0800028c   Section        0  __rtentry2.o(.ARM.Collect$$rtentry$$00000002)
    .ARM.Collect$$rtentry$$00000004          0x0800028c   Section        6  __rtentry4.o(.ARM.Collect$$rtentry$$00000004)
    .ARM.Collect$$rtentry$$00000009          0x08000292   Section        0  __rtentry2.o(.ARM.Collect$$rtentry$$00000009)
    .ARM.Collect$$rtentry$$0000000A          0x08000292   Section        4  __rtentry2.o(.ARM.Collect$$rtentry$$0000000A)
    .ARM.Collect$$rtentry$$0000000C          0x08000296   Section        0  __rtentry2.o(.ARM.Collect$$rtentry$$0000000C)
    .ARM.Collect$$rtentry$$0000000D          0x08000296   Section        8  __rtentry2.o(.ARM.Collect$$rtentry$$0000000D)
    .ARM.Collect$$rtexit$$00000000           0x0800029e   Section        2  rtexit.o(.ARM.Collect$$rtexit$$00000000)
    .ARM.Collect$$rtexit$$00000002           0x080002a0   Section        0  rtexit2.o(.ARM.Collect$$rtexit$$00000002)
    .ARM.Collect$$rtexit$$00000003           0x080002a0   Section        4  rtexit2.o(.ARM.Collect$$rtexit$$00000003)
    .ARM.Collect$$rtexit$$00000004           0x080002a4   Section        6  rtexit2.o(.ARM.Collect$$rtexit$$00000004)
    .text                                    0x080002ac   Section       64  startup_stm32f446xx.o(.text)
    $v0                                      0x080002ac   Number         0  startup_stm32f446xx.o(.text)
    .text                                    0x080002ec   Section      100  rt_memcpy_w.o(.text)
    .text                                    0x08000350   Section        0  heapauxi.o(.text)
    .text                                    0x08000356   Section       74  sys_stackheap_outer.o(.text)
    .text                                    0x080003a0   Section        0  exit.o(.text)
    .text                                    0x080003b4   Section        8  libspace.o(.text)
    .text                                    0x080003bc   Section        0  sys_exit.o(.text)
    .text                                    0x080003c8   Section        2  use_no_semi.o(.text)
    .text                                    0x080003ca   Section        0  indicate_semi.o(.text)
    i.CreateFIRfilterObject                  0x080003cc   Section        0  firfilterptbypt.o(i.CreateFIRfilterObject)
    i.FIRfilterPtByPt                        0x08000488   Section        0  firfilterptbypt.o(i.FIRfilterPtByPt)
    i.I2C1_EV_IRQHandler                     0x080007c4   Section        0  main.o(i.I2C1_EV_IRQHandler)
    i.IIR_4thOrderSignalFilteringPtByPt      0x08000920   Section        0  iirfilterptbypt.o(i.IIR_4thOrderSignalFilteringPtByPt)
    i.IIR_4thOrderSignalFilteringPtByPtInitialize 0x08000a24   Section        0  iirfilterptbypt.o(i.IIR_4thOrderSignalFilteringPtByPtInitialize)
    i.LCDInitialize                          0x08000a40   Section        0  lcdhd44780nonblocking.o(i.LCDInitialize)
    i.LCDLocateXY                            0x08000c18   Section        0  lcdhd44780nonblocking.o(i.LCDLocateXY)
    i.LCDSend8bitInteger                     0x08000c74   Section        0  lcdhd44780nonblocking.o(i.LCDSend8bitInteger)
    i.LCDSendCommand                         0x08000cc8   Section        0  lcdhd44780nonblocking.o(i.LCDSendCommand)
    i.LCDSendData                            0x08000d14   Section        0  lcdhd44780nonblocking.o(i.LCDSendData)
    i.LCDSendHalfByte                        0x08000d68   Section        0  lcdhd44780nonblocking.o(i.LCDSendHalfByte)
    LCDSendHalfByte                          0x08000d69   Thumb Code   166  lcdhd44780nonblocking.o(i.LCDSendHalfByte)
    i.LCDSendText                            0x08000e1c   Section        0  lcdhd44780nonblocking.o(i.LCDSendText)
    i.PressureSensorInitialize               0x08000e7c   Section        0  pressuresensorabpmann005pg2a3.o(i.PressureSensorInitialize)
    i.PumpValveButtonConfiguration           0x080011b0   Section        0  bloodpressuremeterfunctions.o(i.PumpValveButtonConfiguration)
    i.RCCClockConfiguration                  0x08001234   Section        0  bloodpressuremeterfunctions.o(i.RCCClockConfiguration)
    i.SystemCoreClockUpdate                  0x08001320   Section        0  system_stm32f4xx.o(i.SystemCoreClockUpdate)
    i.SystemInit                             0x080013e0   Section        0  system_stm32f4xx.o(i.SystemInit)
    i.TIM2_IRQHandler                        0x08001444   Section        0  lcdhd44780nonblocking.o(i.TIM2_IRQHandler)
    i.TIM3_IRQHandler                        0x080015f0   Section        0  main.o(i.TIM3_IRQHandler)
    i.TIM4_IRQHandler                        0x08001670   Section        0  main.o(i.TIM4_IRQHandler)
    i.TIM5_IRQHandler                        0x080016b4   Section        0  main.o(i.TIM5_IRQHandler)
    i.TimersInitialization                   0x08001890   Section        0  main.o(i.TimersInitialization)
    i.__NVIC_EnableIRQ                       0x0800194c   Section        0  main.o(i.__NVIC_EnableIRQ)
    __NVIC_EnableIRQ                         0x0800194d   Thumb Code    26  main.o(i.__NVIC_EnableIRQ)
    i.__NVIC_SetPriority                     0x08001968   Section        0  main.o(i.__NVIC_SetPriority)
    __NVIC_SetPriority                       0x08001969   Thumb Code    32  main.o(i.__NVIC_SetPriority)
    i.enableClockToRegister                  0x08001990   Section        0  lcdhd44780nonblocking.o(i.enableClockToRegister)
    enableClockToRegister                    0x08001991   Thumb Code   146  lcdhd44780nonblocking.o(i.enableClockToRegister)
    i.enableClockToRegister                  0x08001a48   Section        0  pressuresensorabpmann005pg2a3.o(i.enableClockToRegister)
    enableClockToRegister                    0x08001a49   Thumb Code   146  pressuresensorabpmann005pg2a3.o(i.enableClockToRegister)
    i.enableClockToRegister                  0x08001b00   Section        0  bloodpressuremeterfunctions.o(i.enableClockToRegister)
    enableClockToRegister                    0x08001b01   Thumb Code   146  bloodpressuremeterfunctions.o(i.enableClockToRegister)
    i.main                                   0x08001bb8   Section        0  main.o(i.main)
    i.setPinAsOutput                         0x08002138   Section        0  lcdhd44780nonblocking.o(i.setPinAsOutput)
    setPinAsOutput                           0x08002139   Thumb Code    28  lcdhd44780nonblocking.o(i.setPinAsOutput)
    i.setPinAsOutput                         0x08002154   Section        0  bloodpressuremeterfunctions.o(i.setPinAsOutput)
    setPinAsOutput                           0x08002155   Thumb Code    28  bloodpressuremeterfunctions.o(i.setPinAsOutput)
    x$fpl$fpinit                             0x08002170   Section       10  fpinit.o(x$fpl$fpinit)
    $v0                                      0x08002170   Number         0  fpinit.o(x$fpl$fpinit)
    .constdata                               0x0800217a   Section       24  system_stm32f4xx.o(.constdata)
    .data                                    0x20000000   Section        7  lcdhd44780nonblocking.o(.data)
    LCD_FIFO_Head                            0x20000000   Data           2  lcdhd44780nonblocking.o(.data)
    LCD_FIFO_Tail                            0x20000002   Data           2  lcdhd44780nonblocking.o(.data)
    LCD_temp_FIFO_Head                       0x20000004   Data           2  lcdhd44780nonblocking.o(.data)
    commands                                 0x20000006   Data           1  lcdhd44780nonblocking.o(.data)
    .data                                    0x20000008   Section       46  bloodpressuremeterfunctions.o(.data)
    .data                                    0x20000038   Section      711  main.o(.data)
    LCD_FIFO_Head                            0x20000038   Data           2  main.o(.data)
    LCD_FIFO_Tail                            0x2000003a   Data           2  main.o(.data)
    LCD_temp_FIFO_Head                       0x2000003c   Data           2  main.o(.data)
    commands                                 0x2000003e   Data           1  main.o(.data)
    byteToReceive                            0x200002e8   Data           1  main.o(.data)
    reg                                      0x200002ec   Data           4  main.o(.data)
    tempHead                                 0x200002f0   Data           2  main.o(.data)
    received                                 0x200002f2   Data           2  main.o(.data)
    counter                                  0x200002f4   Data           1  main.o(.data)
    pressure                                 0x200002f8   Data           4  main.o(.data)
    buttonPressed                            0x200002fc   Data           1  main.o(.data)
    _1secDelay                               0x200002fd   Data           1  main.o(.data)
    _180mmHg_achieved                        0x200002fe   Data           1  main.o(.data)
    .data                                    0x20000300   Section       12  iirfilterptbypt.o(.data)
    as                                       0x20000300   Data           4  iirfilterptbypt.o(.data)
    as                                       0x20000304   Data           4  iirfilterptbypt.o(.data)
    as                                       0x20000308   Data           4  iirfilterptbypt.o(.data)
    .data                                    0x2000030c   Section        4  system_stm32f4xx.o(.data)
    .bss                                     0x20000310   Section      256  lcdhd44780nonblocking.o(.bss)
    LCD_FIFO                                 0x20000310   Data         256  lcdhd44780nonblocking.o(.bss)
    .bss                                     0x20000410   Section      576  bloodpressuremeterfunctions.o(.bss)
    .bss                                     0x20000650   Section     1352  main.o(.bss)
    LCD_FIFO                                 0x20000650   Data         256  main.o(.bss)
    .bss                                     0x20000b98   Section       96  libspace.o(.bss)
    HEAP                                     0x20000bf8   Section      512  startup_stm32f446xx.o(HEAP)
    Heap_Mem                                 0x20000bf8   Data         512  startup_stm32f446xx.o(HEAP)
    STACK                                    0x20000df8   Section     1024  startup_stm32f446xx.o(STACK)
    Stack_Mem                                0x20000df8   Data        1024  startup_stm32f446xx.o(STACK)
    __initial_sp                             0x200011f8   Data           0  startup_stm32f446xx.o(STACK)

    Global Symbols

    Symbol Name                              Value     Ov Type        Size  Object(Section)

    BuildAttributes$$THM_ISAv4$E$P$D$K$B$S$7EM$VFPi3$EXTD16$VFPS$VFMA$PE$A:L22UL41UL21$X:L11$S22US41US21$IEEE1$IW$USESV6$~STKCKD$USESV7$~SHL$OSPACE$ROPI$EBA8$UX$STANDARDLIB$REQ8$PRES8$EABIv2 0x00000000   Number         0  anon$$obj.o ABSOLUTE
    __ARM_use_no_argv                        0x00000000   Number         0  main.o ABSOLUTE
    __ARM_exceptions_init                     - Undefined Weak Reference
    __alloca_initialize                       - Undefined Weak Reference
    __arm_preinit_                            - Undefined Weak Reference
    __cpp_initialize__aeabi_                  - Undefined Weak Reference
    __cxa_finalize                            - Undefined Weak Reference
    __rt_locale                               - Undefined Weak Reference
    __sigvec_lookup                           - Undefined Weak Reference
    _atexit_init                              - Undefined Weak Reference
    _call_atexit_fns                          - Undefined Weak Reference
    _clock_init                               - Undefined Weak Reference
    _fp_trap_init                             - Undefined Weak Reference
    _fp_trap_shutdown                         - Undefined Weak Reference
    _get_lc_collate                           - Undefined Weak Reference
    _get_lc_ctype                             - Undefined Weak Reference
    _get_lc_monetary                          - Undefined Weak Reference
    _get_lc_numeric                           - Undefined Weak Reference
    _get_lc_time                              - Undefined Weak Reference
    _getenv_init                              - Undefined Weak Reference
    _handle_redirection                       - Undefined Weak Reference
    _init_alloc                               - Undefined Weak Reference
    _init_user_alloc                          - Undefined Weak Reference
    _initio                                   - Undefined Weak Reference
    _rand_init                                - Undefined Weak Reference
    _signal_finish                            - Undefined Weak Reference
    _signal_init                              - Undefined Weak Reference
    _terminate_alloc                          - Undefined Weak Reference
    _terminate_user_alloc                     - Undefined Weak Reference
    _terminateio                              - Undefined Weak Reference
    __Vectors_Size                           0x000001c4   Number         0  startup_stm32f446xx.o ABSOLUTE
    __Vectors                                0x08000000   Data           4  startup_stm32f446xx.o(RESET)
    __Vectors_End                            0x080001c4   Data           0  startup_stm32f446xx.o(RESET)
    __main                                   0x080001c5   Thumb Code     8  __main.o(!!!main)
    __scatterload                            0x080001cd   Thumb Code     0  __scatter.o(!!!scatter)
    __scatterload_rt2                        0x080001cd   Thumb Code    44  __scatter.o(!!!scatter)
    __scatterload_rt2_thumb_only             0x080001cd   Thumb Code     0  __scatter.o(!!!scatter)
    __scatterload_null                       0x080001db   Thumb Code     0  __scatter.o(!!!scatter)
    __decompress                             0x08000201   Thumb Code   100  __dclz77c.o(!!dclz77c)
    __decompress2                            0x08000201   Thumb Code     0  __dclz77c.o(!!dclz77c)
    __scatterload_zeroinit                   0x08000265   Thumb Code    28  __scatter_zi.o(!!handler_zi)
    __rt_lib_init                            0x08000281   Thumb Code     0  libinit.o(.ARM.Collect$$libinit$$00000000)
    __rt_lib_init_fp_1                       0x08000283   Thumb Code     0  libinit2.o(.ARM.Collect$$libinit$$00000001)
    __rt_lib_init_alloca_1                   0x08000287   Thumb Code     0  libinit2.o(.ARM.Collect$$libinit$$0000002E)
    __rt_lib_init_argv_1                     0x08000287   Thumb Code     0  libinit2.o(.ARM.Collect$$libinit$$0000002C)
    __rt_lib_init_atexit_1                   0x08000287   Thumb Code     0  libinit2.o(.ARM.Collect$$libinit$$0000001B)
    __rt_lib_init_clock_1                    0x08000287   Thumb Code     0  libinit2.o(.ARM.Collect$$libinit$$00000021)
    __rt_lib_init_cpp_1                      0x08000287   Thumb Code     0  libinit2.o(.ARM.Collect$$libinit$$00000032)
    __rt_lib_init_exceptions_1               0x08000287   Thumb Code     0  libinit2.o(.ARM.Collect$$libinit$$00000030)
    __rt_lib_init_fp_trap_1                  0x08000287   Thumb Code     0  libinit2.o(.ARM.Collect$$libinit$$0000001F)
    __rt_lib_init_getenv_1                   0x08000287   Thumb Code     0  libinit2.o(.ARM.Collect$$libinit$$00000023)
    __rt_lib_init_heap_1                     0x08000287   Thumb Code     0  libinit2.o(.ARM.Collect$$libinit$$0000000A)
    __rt_lib_init_lc_collate_1               0x08000287   Thumb Code     0  libinit2.o(.ARM.Collect$$libinit$$00000011)
    __rt_lib_init_lc_ctype_1                 0x08000287   Thumb Code     0  libinit2.o(.ARM.Collect$$libinit$$00000013)
    __rt_lib_init_lc_monetary_1              0x08000287   Thumb Code     0  libinit2.o(.ARM.Collect$$libinit$$00000015)
    __rt_lib_init_lc_numeric_1               0x08000287   Thumb Code     0  libinit2.o(.ARM.Collect$$libinit$$00000017)
    __rt_lib_init_lc_time_1                  0x08000287   Thumb Code     0  libinit2.o(.ARM.Collect$$libinit$$00000019)
    __rt_lib_init_preinit_1                  0x08000287   Thumb Code     0  libinit2.o(.ARM.Collect$$libinit$$00000004)
    __rt_lib_init_rand_1                     0x08000287   Thumb Code     0  libinit2.o(.ARM.Collect$$libinit$$0000000E)
    __rt_lib_init_return                     0x08000287   Thumb Code     0  libinit2.o(.ARM.Collect$$libinit$$00000033)
    __rt_lib_init_signal_1                   0x08000287   Thumb Code     0  libinit2.o(.ARM.Collect$$libinit$$0000001D)
    __rt_lib_init_stdio_1                    0x08000287   Thumb Code     0  libinit2.o(.ARM.Collect$$libinit$$00000025)
    __rt_lib_init_user_alloc_1               0x08000287   Thumb Code     0  libinit2.o(.ARM.Collect$$libinit$$0000000C)
    __rt_lib_shutdown                        0x08000289   Thumb Code     0  libshutdown.o(.ARM.Collect$$libshutdown$$00000000)
    __rt_lib_shutdown_cpp_1                  0x0800028b   Thumb Code     0  libshutdown2.o(.ARM.Collect$$libshutdown$$00000002)
    __rt_lib_shutdown_fp_trap_1              0x0800028b   Thumb Code     0  libshutdown2.o(.ARM.Collect$$libshutdown$$00000007)
    __rt_lib_shutdown_heap_1                 0x0800028b   Thumb Code     0  libshutdown2.o(.ARM.Collect$$libshutdown$$0000000F)
    __rt_lib_shutdown_return                 0x0800028b   Thumb Code     0  libshutdown2.o(.ARM.Collect$$libshutdown$$00000010)
    __rt_lib_shutdown_signal_1               0x0800028b   Thumb Code     0  libshutdown2.o(.ARM.Collect$$libshutdown$$0000000A)
    __rt_lib_shutdown_stdio_1                0x0800028b   Thumb Code     0  libshutdown2.o(.ARM.Collect$$libshutdown$$00000004)
    __rt_lib_shutdown_user_alloc_1           0x0800028b   Thumb Code     0  libshutdown2.o(.ARM.Collect$$libshutdown$$0000000C)
    __rt_entry                               0x0800028d   Thumb Code     0  __rtentry.o(.ARM.Collect$$rtentry$$00000000)
    __rt_entry_presh_1                       0x0800028d   Thumb Code     0  __rtentry2.o(.ARM.Collect$$rtentry$$00000002)
    __rt_entry_sh                            0x0800028d   Thumb Code     0  __rtentry4.o(.ARM.Collect$$rtentry$$00000004)
    __rt_entry_li                            0x08000293   Thumb Code     0  __rtentry2.o(.ARM.Collect$$rtentry$$0000000A)
    __rt_entry_postsh_1                      0x08000293   Thumb Code     0  __rtentry2.o(.ARM.Collect$$rtentry$$00000009)
    __rt_entry_main                          0x08000297   Thumb Code     0  __rtentry2.o(.ARM.Collect$$rtentry$$0000000D)
    __rt_entry_postli_1                      0x08000297   Thumb Code     0  __rtentry2.o(.ARM.Collect$$rtentry$$0000000C)
    __rt_exit                                0x0800029f   Thumb Code     0  rtexit.o(.ARM.Collect$$rtexit$$00000000)
    __rt_exit_ls                             0x080002a1   Thumb Code     0  rtexit2.o(.ARM.Collect$$rtexit$$00000003)
    __rt_exit_prels_1                        0x080002a1   Thumb Code     0  rtexit2.o(.ARM.Collect$$rtexit$$00000002)
    __rt_exit_exit                           0x080002a5   Thumb Code     0  rtexit2.o(.ARM.Collect$$rtexit$$00000004)
    Reset_Handler                            0x080002ad   Thumb Code     8  startup_stm32f446xx.o(.text)
    NMI_Handler                              0x080002b5   Thumb Code     2  startup_stm32f446xx.o(.text)
    HardFault_Handler                        0x080002b7   Thumb Code     2  startup_stm32f446xx.o(.text)
    MemManage_Handler                        0x080002b9   Thumb Code     2  startup_stm32f446xx.o(.text)
    BusFault_Handler                         0x080002bb   Thumb Code     2  startup_stm32f446xx.o(.text)
    UsageFault_Handler                       0x080002bd   Thumb Code     2  startup_stm32f446xx.o(.text)
    SVC_Handler                              0x080002bf   Thumb Code     2  startup_stm32f446xx.o(.text)
    DebugMon_Handler                         0x080002c1   Thumb Code     2  startup_stm32f446xx.o(.text)
    PendSV_Handler                           0x080002c3   Thumb Code     2  startup_stm32f446xx.o(.text)
    SysTick_Handler                          0x080002c5   Thumb Code     2  startup_stm32f446xx.o(.text)
    ADC_IRQHandler                           0x080002c7   Thumb Code     0  startup_stm32f446xx.o(.text)
    CAN1_RX0_IRQHandler                      0x080002c7   Thumb Code     0  startup_stm32f446xx.o(.text)
    CAN1_RX1_IRQHandler                      0x080002c7   Thumb Code     0  startup_stm32f446xx.o(.text)
    CAN1_SCE_IRQHandler                      0x080002c7   Thumb Code     0  startup_stm32f446xx.o(.text)
    CAN1_TX_IRQHandler                       0x080002c7   Thumb Code     0  startup_stm32f446xx.o(.text)
    CAN2_RX0_IRQHandler                      0x080002c7   Thumb Code     0  startup_stm32f446xx.o(.text)
    CAN2_RX1_IRQHandler                      0x080002c7   Thumb Code     0  startup_stm32f446xx.o(.text)
    CAN2_SCE_IRQHandler                      0x080002c7   Thumb Code     0  startup_stm32f446xx.o(.text)
    CAN2_TX_IRQHandler                       0x080002c7   Thumb Code     0  startup_stm32f446xx.o(.text)
    CEC_IRQHandler                           0x080002c7   Thumb Code     0  startup_stm32f446xx.o(.text)
    DCMI_IRQHandler                          0x080002c7   Thumb Code     0  startup_stm32f446xx.o(.text)
    DMA1_Stream0_IRQHandler                  0x080002c7   Thumb Code     0  startup_stm32f446xx.o(.text)
    DMA1_Stream1_IRQHandler                  0x080002c7   Thumb Code     0  startup_stm32f446xx.o(.text)
    DMA1_Stream2_IRQHandler                  0x080002c7   Thumb Code     0  startup_stm32f446xx.o(.text)
    DMA1_Stream3_IRQHandler                  0x080002c7   Thumb Code     0  startup_stm32f446xx.o(.text)
    DMA1_Stream4_IRQHandler                  0x080002c7   Thumb Code     0  startup_stm32f446xx.o(.text)
    DMA1_Stream5_IRQHandler                  0x080002c7   Thumb Code     0  startup_stm32f446xx.o(.text)
    DMA1_Stream6_IRQHandler                  0x080002c7   Thumb Code     0  startup_stm32f446xx.o(.text)
    DMA1_Stream7_IRQHandler                  0x080002c7   Thumb Code     0  startup_stm32f446xx.o(.text)
    DMA2_Stream0_IRQHandler                  0x080002c7   Thumb Code     0  startup_stm32f446xx.o(.text)
    DMA2_Stream1_IRQHandler                  0x080002c7   Thumb Code     0  startup_stm32f446xx.o(.text)
    DMA2_Stream2_IRQHandler                  0x080002c7   Thumb Code     0  startup_stm32f446xx.o(.text)
    DMA2_Stream3_IRQHandler                  0x080002c7   Thumb Code     0  startup_stm32f446xx.o(.text)
    DMA2_Stream4_IRQHandler                  0x080002c7   Thumb Code     0  startup_stm32f446xx.o(.text)
    DMA2_Stream5_IRQHandler                  0x080002c7   Thumb Code     0  startup_stm32f446xx.o(.text)
    DMA2_Stream6_IRQHandler                  0x080002c7   Thumb Code     0  startup_stm32f446xx.o(.text)
    DMA2_Stream7_IRQHandler                  0x080002c7   Thumb Code     0  startup_stm32f446xx.o(.text)
    EXTI0_IRQHandler                         0x080002c7   Thumb Code     0  startup_stm32f446xx.o(.text)
    EXTI15_10_IRQHandler                     0x080002c7   Thumb Code     0  startup_stm32f446xx.o(.text)
    EXTI1_IRQHandler                         0x080002c7   Thumb Code     0  startup_stm32f446xx.o(.text)
    EXTI2_IRQHandler                         0x080002c7   Thumb Code     0  startup_stm32f446xx.o(.text)
    EXTI3_IRQHandler                         0x080002c7   Thumb Code     0  startup_stm32f446xx.o(.text)
    EXTI4_IRQHandler                         0x080002c7   Thumb Code     0  startup_stm32f446xx.o(.text)
    EXTI9_5_IRQHandler                       0x080002c7   Thumb Code     0  startup_stm32f446xx.o(.text)
    FLASH_IRQHandler                         0x080002c7   Thumb Code     0  startup_stm32f446xx.o(.text)
    FMC_IRQHandler                           0x080002c7   Thumb Code     0  startup_stm32f446xx.o(.text)
    FPU_IRQHandler                           0x080002c7   Thumb Code     0  startup_stm32f446xx.o(.text)
    I2C1_ER_IRQHandler                       0x080002c7   Thumb Code     0  startup_stm32f446xx.o(.text)
    I2C2_ER_IRQHandler                       0x080002c7   Thumb Code     0  startup_stm32f446xx.o(.text)
    I2C2_EV_IRQHandler                       0x080002c7   Thumb Code     0  startup_stm32f446xx.o(.text)
    I2C3_ER_IRQHandler                       0x080002c7   Thumb Code     0  startup_stm32f446xx.o(.text)
    I2C3_EV_IRQHandler                       0x080002c7   Thumb Code     0  startup_stm32f446xx.o(.text)
    I2C4_Error_IRQHandler                    0x080002c7   Thumb Code     0  startup_stm32f446xx.o(.text)
    I2C4_Event_IRQHandler                    0x080002c7   Thumb Code     0  startup_stm32f446xx.o(.text)
    OTG_FS_IRQHandler                        0x080002c7   Thumb Code     0  startup_stm32f446xx.o(.text)
    OTG_FS_WKUP_IRQHandler                   0x080002c7   Thumb Code     0  startup_stm32f446xx.o(.text)
    OTG_HS_EP1_IN_IRQHandler                 0x080002c7   Thumb Code     0  startup_stm32f446xx.o(.text)
    OTG_HS_EP1_OUT_IRQHandler                0x080002c7   Thumb Code     0  startup_stm32f446xx.o(.text)
    OTG_HS_IRQHandler                        0x080002c7   Thumb Code     0  startup_stm32f446xx.o(.text)
    OTG_HS_WKUP_IRQHandler                   0x080002c7   Thumb Code     0  startup_stm32f446xx.o(.text)
    PVD_IRQHandler                           0x080002c7   Thumb Code     0  startup_stm32f446xx.o(.text)
    QUADSPI_IRQHandler                       0x080002c7   Thumb Code     0  startup_stm32f446xx.o(.text)
    RCC_IRQHandler                           0x080002c7   Thumb Code     0  startup_stm32f446xx.o(.text)
    RTC_Alarm_IRQHandler                     0x080002c7   Thumb Code     0  startup_stm32f446xx.o(.text)
    RTC_WKUP_IRQHandler                      0x080002c7   Thumb Code     0  startup_stm32f446xx.o(.text)
    SAI1_IRQHandler                          0x080002c7   Thumb Code     0  startup_stm32f446xx.o(.text)
    SAI2_IRQHandler                          0x080002c7   Thumb Code     0  startup_stm32f446xx.o(.text)
    SDIO_IRQHandler                          0x080002c7   Thumb Code     0  startup_stm32f446xx.o(.text)
    SPDIF_RX_IRQHandler                      0x080002c7   Thumb Code     0  startup_stm32f446xx.o(.text)
    SPI1_IRQHandler                          0x080002c7   Thumb Code     0  startup_stm32f446xx.o(.text)
    SPI2_IRQHandler                          0x080002c7   Thumb Code     0  startup_stm32f446xx.o(.text)
    SPI3_IRQHandler                          0x080002c7   Thumb Code     0  startup_stm32f446xx.o(.text)
    SPI4_IRQHandler                          0x080002c7   Thumb Code     0  startup_stm32f446xx.o(.text)
    TAMP_STAMP_IRQHandler                    0x080002c7   Thumb Code     0  startup_stm32f446xx.o(.text)
    TIM1_BRK_TIM9_IRQHandler                 0x080002c7   Thumb Code     0  startup_stm32f446xx.o(.text)
    TIM1_CC_IRQHandler                       0x080002c7   Thumb Code     0  startup_stm32f446xx.o(.text)
    TIM1_TRG_COM_TIM11_IRQHandler            0x080002c7   Thumb Code     0  startup_stm32f446xx.o(.text)
    TIM1_UP_TIM10_IRQHandler                 0x080002c7   Thumb Code     0  startup_stm32f446xx.o(.text)
    TIM6_DAC_IRQHandler                      0x080002c7   Thumb Code     0  startup_stm32f446xx.o(.text)
    TIM7_IRQHandler                          0x080002c7   Thumb Code     0  startup_stm32f446xx.o(.text)
    TIM8_BRK_TIM12_IRQHandler                0x080002c7   Thumb Code     0  startup_stm32f446xx.o(.text)
    TIM8_CC_IRQHandler                       0x080002c7   Thumb Code     0  startup_stm32f446xx.o(.text)
    TIM8_TRG_COM_TIM14_IRQHandler            0x080002c7   Thumb Code     0  startup_stm32f446xx.o(.text)
    TIM8_UP_TIM13_IRQHandler                 0x080002c7   Thumb Code     0  startup_stm32f446xx.o(.text)
    UART4_IRQHandler                         0x080002c7   Thumb Code     0  startup_stm32f446xx.o(.text)
    UART5_IRQHandler                         0x080002c7   Thumb Code     0  startup_stm32f446xx.o(.text)
    USART1_IRQHandler                        0x080002c7   Thumb Code     0  startup_stm32f446xx.o(.text)
    USART2_IRQHandler                        0x080002c7   Thumb Code     0  startup_stm32f446xx.o(.text)
    USART3_IRQHandler                        0x080002c7   Thumb Code     0  startup_stm32f446xx.o(.text)
    USART6_IRQHandler                        0x080002c7   Thumb Code     0  startup_stm32f446xx.o(.text)
    WWDG_IRQHandler                          0x080002c7   Thumb Code     0  startup_stm32f446xx.o(.text)
    __user_initial_stackheap                 0x080002c9   Thumb Code     0  startup_stm32f446xx.o(.text)
    __aeabi_memcpy4                          0x080002ed   Thumb Code     0  rt_memcpy_w.o(.text)
    __aeabi_memcpy8                          0x080002ed   Thumb Code     0  rt_memcpy_w.o(.text)
    __rt_memcpy_w                            0x080002ed   Thumb Code   100  rt_memcpy_w.o(.text)
    _memcpy_lastbytes_aligned                0x08000335   Thumb Code     0  rt_memcpy_w.o(.text)
    __use_two_region_memory                  0x08000351   Thumb Code     2  heapauxi.o(.text)
    __rt_heap_escrow$2region                 0x08000353   Thumb Code     2  heapauxi.o(.text)
    __rt_heap_expand$2region                 0x08000355   Thumb Code     2  heapauxi.o(.text)
    __user_setup_stackheap                   0x08000357   Thumb Code    74  sys_stackheap_outer.o(.text)
    exit                                     0x080003a1   Thumb Code    18  exit.o(.text)
    __user_libspace                          0x080003b5   Thumb Code     8  libspace.o(.text)
    __user_perproc_libspace                  0x080003b5   Thumb Code     0  libspace.o(.text)
    __user_perthread_libspace                0x080003b5   Thumb Code     0  libspace.o(.text)
    _sys_exit                                0x080003bd   Thumb Code     8  sys_exit.o(.text)
    __I$use$semihosting                      0x080003c9   Thumb Code     0  use_no_semi.o(.text)
    __use_no_semihosting_swi                 0x080003c9   Thumb Code     2  use_no_semi.o(.text)
    __semihosting_library_function           0x080003cb   Thumb Code     0  indicate_semi.o(.text)
    CreateFIRfilterObject                    0x080003cd   Thumb Code   184  firfilterptbypt.o(i.CreateFIRfilterObject)
    FIRfilterPtByPt                          0x08000489   Thumb Code   824  firfilterptbypt.o(i.FIRfilterPtByPt)
    I2C1_EV_IRQHandler                       0x080007c5   Thumb Code   272  main.o(i.I2C1_EV_IRQHandler)
    IIR_4thOrderSignalFilteringPtByPt        0x08000921   Thumb Code   250  iirfilterptbypt.o(i.IIR_4thOrderSignalFilteringPtByPt)
    IIR_4thOrderSignalFilteringPtByPtInitialize 0x08000a25   Thumb Code    28  iirfilterptbypt.o(i.IIR_4thOrderSignalFilteringPtByPtInitialize)
    LCDInitialize                            0x08000a41   Thumb Code   434  lcdhd44780nonblocking.o(i.LCDInitialize)
    LCDLocateXY                              0x08000c19   Thumb Code    74  lcdhd44780nonblocking.o(i.LCDLocateXY)
    LCDSend8bitInteger                       0x08000c75   Thumb Code    82  lcdhd44780nonblocking.o(i.LCDSend8bitInteger)
    LCDSendCommand                           0x08000cc9   Thumb Code    60  lcdhd44780nonblocking.o(i.LCDSendCommand)
    LCDSendData                              0x08000d15   Thumb Code    66  lcdhd44780nonblocking.o(i.LCDSendData)
    LCDSendText                              0x08000e1d   Thumb Code    78  lcdhd44780nonblocking.o(i.LCDSendText)
    PressureSensorInitialize                 0x08000e7d   Thumb Code   798  pressuresensorabpmann005pg2a3.o(i.PressureSensorInitialize)
    PumpValveButtonConfiguration             0x080011b1   Thumb Code   118  bloodpressuremeterfunctions.o(i.PumpValveButtonConfiguration)
    RCCClockConfiguration                    0x08001235   Thumb Code   224  bloodpressuremeterfunctions.o(i.RCCClockConfiguration)
    SystemCoreClockUpdate                    0x08001321   Thumb Code   170  system_stm32f4xx.o(i.SystemCoreClockUpdate)
    SystemInit                               0x080013e1   Thumb Code    82  system_stm32f4xx.o(i.SystemInit)
    TIM2_IRQHandler                          0x08001445   Thumb Code   402  lcdhd44780nonblocking.o(i.TIM2_IRQHandler)
    TIM3_IRQHandler                          0x080015f1   Thumb Code    80  main.o(i.TIM3_IRQHandler)
    TIM4_IRQHandler                          0x08001671   Thumb Code    52  main.o(i.TIM4_IRQHandler)
    TIM5_IRQHandler                          0x080016b5   Thumb Code   360  main.o(i.TIM5_IRQHandler)
    TimersInitialization                     0x08001891   Thumb Code   170  main.o(i.TimersInitialization)
    main                                     0x08001bb9   Thumb Code  1392  main.o(i.main)
    _fp_init                                 0x08002171   Thumb Code    10  fpinit.o(x$fpl$fpinit)
    __fplib_config_fpu_vfp                   0x08002179   Thumb Code     0  fpinit.o(x$fpl$fpinit)
    __fplib_config_pureend_doubles           0x08002179   Thumb Code     0  fpinit.o(x$fpl$fpinit)
    AHBPrescTable                            0x0800217a   Data          16  system_stm32f4xx.o(.constdata)
    APBPrescTable                            0x0800218a   Data           8  system_stm32f4xx.o(.constdata)
    Region$$Table$$Base                      0x08002194   Number         0  anon$$obj.o(Region$$Table)
    Region$$Table$$Limit                     0x080021b4   Number         0  anon$$obj.o(Region$$Table)
    IIRforwardCoeffLowpass_20Hz              0x20000008   Data          20  bloodpressuremeterfunctions.o(.data)
    IIRreverseCoeffLowpass_20Hz              0x2000001c   Data          20  bloodpressuremeterfunctions.o(.data)
    pressureArrayHead                        0x20000030   Data           2  bloodpressuremeterfunctions.o(.data)
    pressureArrayTail                        0x20000032   Data           2  bloodpressuremeterfunctions.o(.data)
    Last128SamplesBufferHead                 0x20000034   Data           2  bloodpressuremeterfunctions.o(.data)
    calculate                                0x2000003f   Data           1  main.o(.data)
    displayOnLCDevery1sec                    0x20000040   Data           1  main.o(.data)
    displayOnLCDevery250milisec              0x20000041   Data           1  main.o(.data)
    FIRbandpass_3_10_Hz_Coeff                0x20000044   Data         664  main.o(.data)
    pulseWave                                0x200002dc   Data           4  main.o(.data)
    BandpassFIRfilter                        0x200002e0   Data           4  main.o(.data)
    LowpassIIRfilter                         0x200002e4   Data           4  main.o(.data)
    SystemCoreClock                          0x2000030c   Data           4  system_stm32f4xx.o(.data)
    pressureArray                            0x20000410   Data          64  bloodpressuremeterfunctions.o(.bss)
    Last128SamplesBuffer                     0x20000450   Data         512  bloodpressuremeterfunctions.o(.bss)
    _pulseWave                               0x20000750   Data          28  main.o(.bss)
    _BandpassFIRfilter                       0x2000076c   Data          16  main.o(.bss)
    _LowpassIIRfilter                        0x2000077c   Data          28  main.o(.bss)
    signalBufferForBandpassFIRfilter         0x20000798   Data        1024  main.o(.bss)
    __libspace_start                         0x20000b98   Data          96  libspace.o(.bss)
    __temporary_stack_top$libspace           0x20000bf8   Data           0  libspace.o(.bss)



==============================================================================

Memory Map of the image

  Image Entry point : 0x080002ad

  Load Region LR_1 (Base: 0x08000000, Size: 0x000024c4, Max: 0xffffffff, ABSOLUTE, COMPRESSED[0x000023f0])

    Execution Region ER_RO (Exec base: 0x08000000, Load base: 0x08000000, Size: 0x000021b4, Max: 0xffffffff, ABSOLUTE)

    Exec Addr    Load Addr    Size         Type   Attr      Idx    E Section Name        Object

    0x08000000   0x08000000   0x000001c4   Data   RO          347    RESET               startup_stm32f446xx.o
    0x080001c4   0x080001c4   0x00000008   Code   RO          395  * !!!main             c_w.l(__main.o)
    0x080001cc   0x080001cc   0x00000034   Code   RO          554    !!!scatter          c_w.l(__scatter.o)
    0x08000200   0x08000200   0x00000064   Code   RO          552    !!dclz77c           c_w.l(__dclz77c.o)
    0x08000264   0x08000264   0x0000001c   Code   RO          556    !!handler_zi        c_w.l(__scatter_zi.o)
    0x08000280   0x08000280   0x00000002   Code   RO          422    .ARM.Collect$$libinit$$00000000  c_w.l(libinit.o)
    0x08000282   0x08000282   0x00000004   Code   RO          428    .ARM.Collect$$libinit$$00000001  c_w.l(libinit2.o)
    0x08000286   0x08000286   0x00000000   Code   RO          431    .ARM.Collect$$libinit$$00000004  c_w.l(libinit2.o)
    0x08000286   0x08000286   0x00000000   Code   RO          434    .ARM.Collect$$libinit$$0000000A  c_w.l(libinit2.o)
    0x08000286   0x08000286   0x00000000   Code   RO          436    .ARM.Collect$$libinit$$0000000C  c_w.l(libinit2.o)
    0x08000286   0x08000286   0x00000000   Code   RO          438    .ARM.Collect$$libinit$$0000000E  c_w.l(libinit2.o)
    0x08000286   0x08000286   0x00000000   Code   RO          441    .ARM.Collect$$libinit$$00000011  c_w.l(libinit2.o)
    0x08000286   0x08000286   0x00000000   Code   RO          443    .ARM.Collect$$libinit$$00000013  c_w.l(libinit2.o)
    0x08000286   0x08000286   0x00000000   Code   RO          445    .ARM.Collect$$libinit$$00000015  c_w.l(libinit2.o)
    0x08000286   0x08000286   0x00000000   Code   RO          447    .ARM.Collect$$libinit$$00000017  c_w.l(libinit2.o)
    0x08000286   0x08000286   0x00000000   Code   RO          449    .ARM.Collect$$libinit$$00000019  c_w.l(libinit2.o)
    0x08000286   0x08000286   0x00000000   Code   RO          451    .ARM.Collect$$libinit$$0000001B  c_w.l(libinit2.o)
    0x08000286   0x08000286   0x00000000   Code   RO          453    .ARM.Collect$$libinit$$0000001D  c_w.l(libinit2.o)
    0x08000286   0x08000286   0x00000000   Code   RO          455    .ARM.Collect$$libinit$$0000001F  c_w.l(libinit2.o)
    0x08000286   0x08000286   0x00000000   Code   RO          457    .ARM.Collect$$libinit$$00000021  c_w.l(libinit2.o)
    0x08000286   0x08000286   0x00000000   Code   RO          459    .ARM.Collect$$libinit$$00000023  c_w.l(libinit2.o)
    0x08000286   0x08000286   0x00000000   Code   RO          461    .ARM.Collect$$libinit$$00000025  c_w.l(libinit2.o)
    0x08000286   0x08000286   0x00000000   Code   RO          465    .ARM.Collect$$libinit$$0000002C  c_w.l(libinit2.o)
    0x08000286   0x08000286   0x00000000   Code   RO          467    .ARM.Collect$$libinit$$0000002E  c_w.l(libinit2.o)
    0x08000286   0x08000286   0x00000000   Code   RO          469    .ARM.Collect$$libinit$$00000030  c_w.l(libinit2.o)
    0x08000286   0x08000286   0x00000000   Code   RO          471    .ARM.Collect$$libinit$$00000032  c_w.l(libinit2.o)
    0x08000286   0x08000286   0x00000002   Code   RO          472    .ARM.Collect$$libinit$$00000033  c_w.l(libinit2.o)
    0x08000288   0x08000288   0x00000002   Code   RO          492    .ARM.Collect$$libshutdown$$00000000  c_w.l(libshutdown.o)
    0x0800028a   0x0800028a   0x00000000   Code   RO          505    .ARM.Collect$$libshutdown$$00000002  c_w.l(libshutdown2.o)
    0x0800028a   0x0800028a   0x00000000   Code   RO          507    .ARM.Collect$$libshutdown$$00000004  c_w.l(libshutdown2.o)
    0x0800028a   0x0800028a   0x00000000   Code   RO          510    .ARM.Collect$$libshutdown$$00000007  c_w.l(libshutdown2.o)
    0x0800028a   0x0800028a   0x00000000   Code   RO          513    .ARM.Collect$$libshutdown$$0000000A  c_w.l(libshutdown2.o)
    0x0800028a   0x0800028a   0x00000000   Code   RO          515    .ARM.Collect$$libshutdown$$0000000C  c_w.l(libshutdown2.o)
    0x0800028a   0x0800028a   0x00000000   Code   RO          518    .ARM.Collect$$libshutdown$$0000000F  c_w.l(libshutdown2.o)
    0x0800028a   0x0800028a   0x00000002   Code   RO          519    .ARM.Collect$$libshutdown$$00000010  c_w.l(libshutdown2.o)
    0x0800028c   0x0800028c   0x00000000   Code   RO          397    .ARM.Collect$$rtentry$$00000000  c_w.l(__rtentry.o)
    0x0800028c   0x0800028c   0x00000000   Code   RO          399    .ARM.Collect$$rtentry$$00000002  c_w.l(__rtentry2.o)
    0x0800028c   0x0800028c   0x00000006   Code   RO          411    .ARM.Collect$$rtentry$$00000004  c_w.l(__rtentry4.o)
    0x08000292   0x08000292   0x00000000   Code   RO          401    .ARM.Collect$$rtentry$$00000009  c_w.l(__rtentry2.o)
    0x08000292   0x08000292   0x00000004   Code   RO          402    .ARM.Collect$$rtentry$$0000000A  c_w.l(__rtentry2.o)
    0x08000296   0x08000296   0x00000000   Code   RO          404    .ARM.Collect$$rtentry$$0000000C  c_w.l(__rtentry2.o)
    0x08000296   0x08000296   0x00000008   Code   RO          405    .ARM.Collect$$rtentry$$0000000D  c_w.l(__rtentry2.o)
    0x0800029e   0x0800029e   0x00000002   Code   RO          426    .ARM.Collect$$rtexit$$00000000  c_w.l(rtexit.o)
    0x080002a0   0x080002a0   0x00000000   Code   RO          474    .ARM.Collect$$rtexit$$00000002  c_w.l(rtexit2.o)
    0x080002a0   0x080002a0   0x00000004   Code   RO          475    .ARM.Collect$$rtexit$$00000003  c_w.l(rtexit2.o)
    0x080002a4   0x080002a4   0x00000006   Code   RO          476    .ARM.Collect$$rtexit$$00000004  c_w.l(rtexit2.o)
    0x080002aa   0x080002aa   0x00000002   PAD
    0x080002ac   0x080002ac   0x00000040   Code   RO          348  * .text               startup_stm32f446xx.o
    0x080002ec   0x080002ec   0x00000064   Code   RO          391    .text               c_w.l(rt_memcpy_w.o)
    0x08000350   0x08000350   0x00000006   Code   RO          393    .text               c_w.l(heapauxi.o)
    0x08000356   0x08000356   0x0000004a   Code   RO          413    .text               c_w.l(sys_stackheap_outer.o)
    0x080003a0   0x080003a0   0x00000012   Code   RO          415    .text               c_w.l(exit.o)
    0x080003b2   0x080003b2   0x00000002   PAD
    0x080003b4   0x080003b4   0x00000008   Code   RO          423    .text               c_w.l(libspace.o)
    0x080003bc   0x080003bc   0x0000000c   Code   RO          484    .text               c_w.l(sys_exit.o)
    0x080003c8   0x080003c8   0x00000002   Code   RO          495    .text               c_w.l(use_no_semi.o)
    0x080003ca   0x080003ca   0x00000000   Code   RO          497    .text               c_w.l(indicate_semi.o)
    0x080003ca   0x080003ca   0x00000002   PAD
    0x080003cc   0x080003cc   0x000000bc   Code   RO          197    i.CreateFIRfilterObject  firfilterptbypt.o
    0x08000488   0x08000488   0x0000033c   Code   RO          198    i.FIRfilterPtByPt   firfilterptbypt.o
    0x080007c4   0x080007c4   0x0000015c   Code   RO          221    i.I2C1_EV_IRQHandler  main.o
    0x08000920   0x08000920   0x00000104   Code   RO          306    i.IIR_4thOrderSignalFilteringPtByPt  iirfilterptbypt.o
    0x08000a24   0x08000a24   0x0000001c   Code   RO          307    i.IIR_4thOrderSignalFilteringPtByPtInitialize  iirfilterptbypt.o
    0x08000a40   0x08000a40   0x000001d8   Code   RO            4    i.LCDInitialize     lcdhd44780nonblocking.o
    0x08000c18   0x08000c18   0x0000005c   Code   RO            5    i.LCDLocateXY       lcdhd44780nonblocking.o
    0x08000c74   0x08000c74   0x00000052   Code   RO            6    i.LCDSend8bitInteger  lcdhd44780nonblocking.o
    0x08000cc6   0x08000cc6   0x00000002   PAD
    0x08000cc8   0x08000cc8   0x0000004c   Code   RO            7    i.LCDSendCommand    lcdhd44780nonblocking.o
    0x08000d14   0x08000d14   0x00000054   Code   RO            8    i.LCDSendData       lcdhd44780nonblocking.o
    0x08000d68   0x08000d68   0x000000b4   Code   RO            9    i.LCDSendHalfByte   lcdhd44780nonblocking.o
    0x08000e1c   0x08000e1c   0x00000060   Code   RO           10    i.LCDSendText       lcdhd44780nonblocking.o
    0x08000e7c   0x08000e7c   0x00000334   Code   RO          117    i.PressureSensorInitialize  pressuresensorabpmann005pg2a3.o
    0x080011b0   0x080011b0   0x00000084   Code   RO          149    i.PumpValveButtonConfiguration  bloodpressuremeterfunctions.o
    0x08001234   0x08001234   0x000000ec   Code   RO          150    i.RCCClockConfiguration  bloodpressuremeterfunctions.o
    0x08001320   0x08001320   0x000000c0   Code   RO          355    i.SystemCoreClockUpdate  system_stm32f4xx.o
    0x080013e0   0x080013e0   0x00000064   Code   RO          356    i.SystemInit        system_stm32f4xx.o
    0x08001444   0x08001444   0x000001ac   Code   RO           11    i.TIM2_IRQHandler   lcdhd44780nonblocking.o
    0x080015f0   0x080015f0   0x00000080   Code   RO          222    i.TIM3_IRQHandler   main.o
    0x08001670   0x08001670   0x00000044   Code   RO          223    i.TIM4_IRQHandler   main.o
    0x080016b4   0x080016b4   0x000001dc   Code   RO          224    i.TIM5_IRQHandler   main.o
    0x08001890   0x08001890   0x000000bc   Code   RO          225    i.TimersInitialization  main.o
    0x0800194c   0x0800194c   0x0000001a   Code   RO          226    i.__NVIC_EnableIRQ  main.o
    0x08001966   0x08001966   0x00000002   PAD
    0x08001968   0x08001968   0x00000028   Code   RO          227    i.__NVIC_SetPriority  main.o
    0x08001990   0x08001990   0x000000b8   Code   RO           12    i.enableClockToRegister  lcdhd44780nonblocking.o
    0x08001a48   0x08001a48   0x000000b8   Code   RO          118    i.enableClockToRegister  pressuresensorabpmann005pg2a3.o
    0x08001b00   0x08001b00   0x000000b8   Code   RO          151    i.enableClockToRegister  bloodpressuremeterfunctions.o
    0x08001bb8   0x08001bb8   0x00000580   Code   RO          228    i.main              main.o
    0x08002138   0x08002138   0x0000001c   Code   RO           13    i.setPinAsOutput    lcdhd44780nonblocking.o
    0x08002154   0x08002154   0x0000001c   Code   RO          152    i.setPinAsOutput    bloodpressuremeterfunctions.o
    0x08002170   0x08002170   0x0000000a   Code   RO          482    x$fpl$fpinit        fz_wm.l(fpinit.o)
    0x0800217a   0x0800217a   0x00000018   Data   RO          357    .constdata          system_stm32f4xx.o
    0x08002192   0x08002192   0x00000002   PAD
    0x08002194   0x08002194   0x00000020   Data   RO          550    Region$$Table       anon$$obj.o


    Execution Region ER_RW (Exec base: 0x20000000, Load base: 0x080021b4, Size: 0x00000310, Max: 0xffffffff, ABSOLUTE, COMPRESSED[0x0000023c])

    Exec Addr    Load Addr    Size         Type   Attr      Idx    E Section Name        Object

    0x20000000   COMPRESSED   0x00000007   Data   RW           15    .data               lcdhd44780nonblocking.o
    0x20000007   COMPRESSED   0x00000001   PAD
    0x20000008   COMPRESSED   0x0000002e   Data   RW          154    .data               bloodpressuremeterfunctions.o
    0x20000036   COMPRESSED   0x00000002   PAD
    0x20000038   COMPRESSED   0x000002c7   Data   RW          231    .data               main.o
    0x200002ff   COMPRESSED   0x00000001   PAD
    0x20000300   COMPRESSED   0x0000000c   Data   RW          308    .data               iirfilterptbypt.o
    0x2000030c   COMPRESSED   0x00000004   Data   RW          358    .data               system_stm32f4xx.o


    Execution Region ER_ZI (Exec base: 0x20000310, Load base: 0x080023f0, Size: 0x00000ee8, Max: 0xffffffff, ABSOLUTE)

    Exec Addr    Load Addr    Size         Type   Attr      Idx    E Section Name        Object

    0x20000310        -       0x00000100   Zero   RW           14    .bss                lcdhd44780nonblocking.o
    0x20000410        -       0x00000240   Zero   RW          153    .bss                bloodpressuremeterfunctions.o
    0x20000650        -       0x00000548   Zero   RW          229    .bss                main.o
    0x20000b98        -       0x00000060   Zero   RW          424    .bss                c_w.l(libspace.o)
    0x20000bf8        -       0x00000200   Zero   RW          346    HEAP                startup_stm32f446xx.o
    0x20000df8        -       0x00000400   Zero   RW          345    STACK               startup_stm32f446xx.o


==============================================================================

Image component sizes


      Code (inc. data)   RO Data    RW Data    ZI Data      Debug   Object Name

       580         64          0         46        576       3533   bloodpressuremeterfunctions.o
      1016          8          0          0          0       3026   firfilterptbypt.o
       288         10          0         12          0       3118   iirfilterptbypt.o
      1722        186          0          7        256     606813   lcdhd44780nonblocking.o
      2682        462          0        711       1352      39708   main.o
      1004         60          0          0          0       2091   pressuresensorabpmann005pg2a3.o
        64         26        452          0       1536        880   startup_stm32f446xx.o
       292         40         24          4          0       2259   system_stm32f4xx.o

    ----------------------------------------------------------------------
      7652        856        510        784       3720     661428   Object Totals
         0          0         32          0          0          0   (incl. Generated)
         4          0          2          4          0          0   (incl. Padding)

    ----------------------------------------------------------------------

      Code (inc. data)   RO Data    RW Data    ZI Data      Debug   Library Member Name

       100          0          0          0          0          0   __dclz77c.o
         8          0          0          0          0         68   __main.o
         0          0          0          0          0          0   __rtentry.o
        12          0          0          0          0          0   __rtentry2.o
         6          0          0          0          0          0   __rtentry4.o
        52          8          0          0          0          0   __scatter.o
        28          0          0          0          0          0   __scatter_zi.o
        18          0          0          0          0         80   exit.o
         6          0          0          0          0        152   heapauxi.o
         0          0          0          0          0          0   indicate_semi.o
         2          0          0          0          0          0   libinit.o
         6          0          0          0          0          0   libinit2.o
         2          0          0          0          0          0   libshutdown.o
         2          0          0          0          0          0   libshutdown2.o
         8          4          0          0         96         68   libspace.o
       100          0          0          0          0         80   rt_memcpy_w.o
         2          0          0          0          0          0   rtexit.o
        10          0          0          0          0          0   rtexit2.o
        12          4          0          0          0         68   sys_exit.o
        74          0          0          0          0         80   sys_stackheap_outer.o
         2          0          0          0          0         68   use_no_semi.o
        10          0          0          0          0        116   fpinit.o

    ----------------------------------------------------------------------
       466         16          0          0         96        780   Library Totals
         6          0          0          0          0          0   (incl. Padding)

    ----------------------------------------------------------------------

      Code (inc. data)   RO Data    RW Data    ZI Data      Debug   Library Name

       450         16          0          0         96        664   c_w.l
        10          0          0          0          0        116   fz_wm.l

    ----------------------------------------------------------------------
       466         16          0          0         96        780   Library Totals

    ----------------------------------------------------------------------

==============================================================================


      Code (inc. data)   RO Data    RW Data    ZI Data      Debug   

      8118        872        510        784       3816     659700   Grand Totals
      8118        872        510        572       3816     659700   ELF Image Totals (compressed)
      8118        872        510        572          0          0   ROM Totals

==============================================================================

    Total RO  Size (Code + RO Data)                 8628 (   8.43kB)
    Total RW  Size (RW Data + ZI Data)              4600 (   4.49kB)
    Total ROM Size (Code + RO Data + RW Data)       9200 (   8.98kB)

==============================================================================

